../Core/Src/main.c:170:5:main	248	static
../Core/Src/main.c:440:6:SystemClock_Config	96	static
../Core/Src/main.c:490:13:MX_ADC1_Init	32	static
../Core/Src/main.c:548:13:MX_I2C1_Init	8	static
../Core/Src/main.c:596:13:MX_I2C3_Init	8	static
../Core/Src/main.c:644:13:MX_TIM1_Init	112	static
../Core/Src/main.c:724:13:MX_USART1_UART_Init	8	static
../Core/Src/main.c:759:13:MX_USART2_UART_Init	8	static
../Core/Src/main.c:792:13:MX_DMA_Init	16	static
../Core/Src/main.c:813:13:MX_GPIO_Init	40	static
../Core/Src/main.c:857:10:Read_ADC_Channel	56	static
../Core/Src/main.c:882:6:Process_Command	32	static
../Core/Src/main.c:981:9:constrain	24	static
../Core/Src/main.c:989:9:map	24	static
../Core/Src/main.c:997:6:Apply_Sensor_Smoothing	40	static
../Core/Src/main.c:1022:6:HAL_UART_TxCpltCallback	16	static
../Core/Src/main.c:1028:6:HAL_UART_ErrorCallback	16	static
../Core/Src/main.c:1052:6:Error_Handler	4	static,ignoring_inline_asm
