../Core/Src/main.c:161:5:main	240	static
../Core/Src/main.c:428:6:SystemClock_Config	96	static
../Core/Src/main.c:478:13:MX_ADC1_Init	32	static
../Core/Src/main.c:536:13:MX_I2C1_Init	8	static
../Core/Src/main.c:584:13:MX_I2C3_Init	8	static
../Core/Src/main.c:632:13:MX_TIM1_Init	112	static
../Core/Src/main.c:712:13:MX_USART1_UART_Init	8	static
../Core/Src/main.c:747:13:MX_USART2_UART_Init	8	static
../Core/Src/main.c:780:13:MX_DMA_Init	16	static
../Core/Src/main.c:801:13:MX_GPIO_Init	40	static
../Core/Src/main.c:845:10:Read_ADC_Channel	56	static
../Core/Src/main.c:870:6:Process_Command	32	static
../Core/Src/main.c:969:9:constrain	24	static
../Core/Src/main.c:977:9:map	24	static
../Core/Src/main.c:985:6:HAL_UART_TxCpltCallback	16	static
../Core/Src/main.c:991:6:HAL_UART_ErrorCallback	16	static
../Core/Src/main.c:1015:6:Error_Handler	4	static,ignoring_inline_asm
